1777790776.688373 client started (10401): version 3.6a, socket /private/tmp/tmux-502/default, protocol 8
1777790776.688398 on Darwin 25.4.0 Darwin Kernel Version 25.4.0: Thu Mar 19 19:33:25 PDT 2026; root:xnu-12377.101.15~1/RELEASE_ARM64_T6041
1777790776.688405 using libevent 2.1.12-stable select
1777790776.688625 using utf8proc 2.11.3
1777790776.688634 using ncurses 6.5 20240427
1777790776.688643 flags are 0x18010000
1777790776.688647 socket is /private/tmp/tmux-502/default
1777790776.688654 trying connect
1777790776.688675 add peer 0x100da1840: 6 (0x0)
1777790776.688738 sending message 111 to peer 0x100da1840 (8 bytes)
1777790776.688744 sending message 111 to peer 0x100da1840 (8 bytes)
1777790776.688747 sending message 101 to peer 0x100da1840 (15 bytes)
1777790776.688751 sending message 109 to peer 0x100da1840 (4 bytes)
1777790776.688754 sending message 102 to peer 0x100da1840 (1 bytes)
1777790776.688757 sending message 108 to peer 0x100da1840 (71 bytes)
1777790776.688761 sending message 104 to peer 0x100da1840 (0 bytes)
1777790776.688764 sending message 110 to peer 0x100da1840 (0 bytes)
1777790776.688767 sending message 107 to peer 0x100da1840 (4 bytes)
1777790776.688772 sending message 105 to peer 0x100da1840 (28 bytes)
1777790776.688775 sending message 105 to peer 0x100da1840 (15 bytes)
1777790776.688779 sending message 105 to peer 0x100da1840 (20 bytes)
1777790776.688781 sending message 105 to peer 0x100da1840 (57 bytes)
1777790776.688784 sending message 105 to peer 0x100da1840 (25 bytes)
1777790776.688787 sending message 105 to peer 0x100da1840 (53 bytes)
1777790776.688790 sending message 105 to peer 0x100da1840 (12 bytes)
1777790776.688793 sending message 105 to peer 0x100da1840 (62 bytes)
1777790776.688796 sending message 105 to peer 0x100da1840 (514 bytes)
1777790776.688799 sending message 105 to peer 0x100da1840 (54 bytes)
1777790776.688801 sending message 105 to peer 0x100da1840 (40 bytes)
1777790776.688805 sending message 105 to peer 0x100da1840 (75 bytes)
1777790776.688809 sending message 105 to peer 0x100da1840 (14 bytes)
1777790776.688812 sending message 105 to peer 0x100da1840 (19 bytes)
1777790776.688814 sending message 105 to peer 0x100da1840 (8 bytes)
1777790776.688817 sending message 105 to peer 0x100da1840 (19 bytes)
1777790776.688820 sending message 105 to peer 0x100da1840 (15 bytes)
1777790776.688823 sending message 105 to peer 0x100da1840 (18 bytes)
1777790776.688826 sending message 105 to peer 0x100da1840 (24 bytes)
1777790776.688830 sending message 105 to peer 0x100da1840 (20 bytes)
1777790776.688832 sending message 105 to peer 0x100da1840 (78 bytes)
1777790776.688835 sending message 105 to peer 0x100da1840 (30 bytes)
1777790776.688838 sending message 105 to peer 0x100da1840 (37 bytes)
1777790776.688841 sending message 105 to peer 0x100da1840 (34 bytes)
1777790776.688843 sending message 105 to peer 0x100da1840 (140 bytes)
1777790776.688846 sending message 105 to peer 0x100da1840 (35 bytes)
1777790776.688849 sending message 105 to peer 0x100da1840 (17 bytes)
1777790776.688851 sending message 105 to peer 0x100da1840 (27 bytes)
1777790776.688854 sending message 105 to peer 0x100da1840 (37 bytes)
1777790776.688857 sending message 105 to peer 0x100da1840 (27 bytes)
1777790776.688859 sending message 105 to peer 0x100da1840 (56 bytes)
1777790776.688862 sending message 105 to peer 0x100da1840 (16 bytes)
1777790776.688865 sending message 105 to peer 0x100da1840 (13 bytes)
1777790776.688867 sending message 105 to peer 0x100da1840 (17 bytes)
1777790776.688870 sending message 105 to peer 0x100da1840 (25 bytes)
1777790776.688873 sending message 106 to peer 0x100da1840 (0 bytes)
1777790776.688881 cmd_pack_argv: argv[0]=new-session
1777790776.688885 cmd_pack_argv: argv[1]=-d
1777790776.688888 cmd_pack_argv: argv[2]=-s
1777790776.688890 cmd_pack_argv: argv[3]=test
1777790776.688893 sending message 200 to peer 0x100da1840 (27 bytes)
1777790776.688896 client loop enter
1777790776.688905 client loop exit
